// Jest Snapshot v1, https://goo.gl/fbAQLP

exports[`UI Actions Actions should render: render 1`] = `
<div
  className="Actions Game__Container"
>
  <div
    className="Title"
  >
    Actions
  </div>
</div>
`;
